// Jest Snapshot v1, https://goo.gl/fbAQLP

exports[`should show Board 1`] = `
<div>
  <div
    className="board-row"
  >
    <button
      className="square"
      onClick={[Function]}
    />
    <button
      className="square"
      onClick={[Function]}
    />
    <button
      className="square"
      onClick={[Function]}
    />
  </div>
  <div
    className="board-row"
  >
    <button
      className="square"
      onClick={[Function]}
    />
    <button
      className="square"
      onClick={[Function]}
    />
    <button
      className="square"
      onClick={[Function]}
    />
  </div>
  <div
    className="board-row"
  >
    <button
      className="square"
      onClick={[Function]}
    />
    <button
      className="square"
      onClick={[Function]}
    />
    <button
      className="square"
      onClick={[Function]}
    />
  </div>
</div>
`;

exports[`should show square 1`] = `
<button
  className="square"
>
  
</button>
`;

exports[`should show square 2`] = `
<button
  className="square"
>
  ABC
</button>
`;
